// Jest Snapshot v1, https://goo.gl/fbAQLP

exports[`graphOpts 返回正常值 1`] = `
Object {
  "autoResize": true,
  "background": Object {
    "color": "#fafafa",
  },
  "container": <div />,
  "grid": 1,
  "interacting": Object {
    "edgeLabelMovable": false,
    "edgeMovable": false,
  },
  "minimap": Object {
    "container": <div />,
    "enabled": true,
    "graphOptions": Object {
      "async": true,
      "createCellView": [Function],
      "getCellView": [Function],
    },
    "height": 100,
    "maxScale": 1,
    "scalable": false,
    "width": 120,
  },
  "mousewheel": true,
  "onEdgeLabelRendered": [Function],
  "onPortRendered": [Function],
  "scroller": Object {
    "autoResize": true,
    "enabled": true,
    "pannable": true,
  },
}
`;
