// Jest Snapshot v1, https://goo.gl/fbAQLP

exports[`Foo 1`] = `
<div>
  Hello! 
</div>
`;
