// Jest Snapshot v1, https://goo.gl/fbAQLP

exports[`Bar 1`] = `
<div>
  World!
</div>
`;
