// Jest Snapshot v1, https://goo.gl/fbAQLP

exports[`TrafficLight 默认状态 1`] = `
<div>
  <div
    class="avx-traffic-light-container"
    data-testid="container"
  >
    <div
      class="avx-traffic-light-close"
      data-testid="onClose"
    />
    <div
      class="avx-traffic-light-minus"
      data-testid="onMinimize"
    />
    <div
      class="avx-traffic-light-max"
      data-testid="onMaximize"
    />
  </div>
</div>
`;
