// Jest Snapshot v1, https://goo.gl/fbAQLP

exports[`Footer 组件 登录页脚 1`] = `
<div>
  <div
    class="avx-user-panel-footer"
  >
    <div
      class="ant-divider ant-divider-horizontal ant-divider-with-text ant-divider-with-text-center ant-divider-dashed avx-user-panel-footer-divider"
      role="separator"
    >
      <span
        class="ant-divider-inner-text"
      >
        或
      </span>
    </div>
    <div
      class="avx-user-panel-footer-other"
    >
      <span
        class="ant-typography"
      >
        没有账号？
      </span>
      <div
        class="avx-user-panel-footer-register"
      >
        <a>
          创建账户
        </a>
      </div>
    </div>
  </div>
</div>
`;
