// Jest Snapshot v1, https://goo.gl/fbAQLP

exports[`ImageGallery 加载数据 1`] = `
<div>
  <div
    class="avx-image-gallery-container avx-image-gallery-masonry"
  >
    <div
      class="avx-image-gallery-item"
    >
      <div
        class="ant-card ant-card-bordered"
      >
        <div
          class="ant-card-cover"
        >
          <div
            class="avx-image-gallery-image-ctn"
            style="border-bottom: 1px solid #f3f3f3;"
          >
            <img
              alt="渐变色 Logo"
              class="avx-image-gallery-image"
              src="https://gw.alipayobjects.com/zos/antfincdn/LFmaI3%26OJh/logo.svg"
            />
          </div>
        </div>
        <div
          class="ant-card-body"
        >
          <div
            class="ant-card-meta"
          >
            <div
              class="ant-card-meta-detail"
            >
              <div
                class="ant-card-meta-title"
              >
                渐变色 Logo
              </div>
              <div
                class="ant-card-meta-description"
              >
                渐变色
              </div>
            </div>
          </div>
        </div>
        <ul
          class="ant-card-actions"
        >
          <li
            style="width: 33.333333333333336%;"
          >
            <span>
              <button
                class="ant-btn ant-btn-link avx-image-gallery-link"
                type="button"
              >
                <span>
                  复制SVG
                </span>
              </button>
            </span>
          </li>
          <li
            style="width: 33.333333333333336%;"
          >
            <span>
              <button
                class="ant-btn ant-btn-link avx-image-gallery-link"
                type="button"
              >
                <span>
                  复制PNG
                </span>
              </button>
            </span>
          </li>
          <li
            style="width: 33.333333333333336%;"
          >
            <span>
              <button
                class="ant-btn ant-btn-link ant-dropdown-trigger avx-image-gallery-link"
                type="button"
              >
                <span
                  aria-label="ellipsis"
                  class="anticon anticon-ellipsis"
                  role="img"
                >
                  <svg
                    aria-hidden="true"
                    data-icon="ellipsis"
                    fill="currentColor"
                    focusable="false"
                    height="1em"
                    viewBox="64 64 896 896"
                    width="1em"
                  >
                    <path
                      d="M176 511a56 56 0 10112 0 56 56 0 10-112 0zm280 0a56 56 0 10112 0 56 56 0 10-112 0zm280 0a56 56 0 10112 0 56 56 0 10-112 0z"
                    />
                  </svg>
                </span>
              </button>
            </span>
          </li>
        </ul>
      </div>
    </div>
    <div
      class="avx-image-gallery-item"
    >
      <div
        class="ant-card ant-card-bordered"
      >
        <div
          class="ant-card-cover"
        >
          <div
            class="avx-image-gallery-image-ctn"
            style="background: black;"
          >
            <img
              alt="白色 Logo"
              class="avx-image-gallery-image"
              src="https://gw.alipayobjects.com/zos/antfincdn/5qY87lPw9U/white-logo.svg"
              style="padding: 12px;"
            />
          </div>
        </div>
        <div
          class="ant-card-body"
        >
          <div
            class="ant-card-meta"
          >
            <div
              class="ant-card-meta-detail"
            >
              <div
                class="ant-card-meta-title"
              >
                白色 Logo
              </div>
              <div
                class="ant-card-meta-description"
              >
                暗色背景下使用
              </div>
            </div>
          </div>
        </div>
        <ul
          class="ant-card-actions"
        >
          <li
            style="width: 33.333333333333336%;"
          >
            <span>
              <button
                class="ant-btn ant-btn-link avx-image-gallery-link"
                type="button"
              >
                <span>
                  复制SVG
                </span>
              </button>
            </span>
          </li>
          <li
            style="width: 33.333333333333336%;"
          >
            <span>
              <button
                class="ant-btn ant-btn-link avx-image-gallery-link"
                type="button"
              >
                <span>
                  复制PNG
                </span>
              </button>
            </span>
          </li>
          <li
            style="width: 33.333333333333336%;"
          >
            <span>
              <button
                class="ant-btn ant-btn-link ant-dropdown-trigger avx-image-gallery-link"
                type="button"
              >
                <span
                  aria-label="ellipsis"
                  class="anticon anticon-ellipsis"
                  role="img"
                >
                  <svg
                    aria-hidden="true"
                    data-icon="ellipsis"
                    fill="currentColor"
                    focusable="false"
                    height="1em"
                    viewBox="64 64 896 896"
                    width="1em"
                  >
                    <path
                      d="M176 511a56 56 0 10112 0 56 56 0 10-112 0zm280 0a56 56 0 10112 0 56 56 0 10-112 0zm280 0a56 56 0 10112 0 56 56 0 10-112 0z"
                    />
                  </svg>
                </span>
              </button>
            </span>
          </li>
        </ul>
      </div>
    </div>
    <canvas
      id="canvas"
      style="display: none;"
    />
  </div>
</div>
`;

exports[`ImageGallery 默认状态 1`] = `
<div>
  <div
    class="avx-image-gallery-container avx-image-gallery-masonry"
  >
    <canvas
      id="canvas"
      style="display: none;"
    />
  </div>
</div>
`;
