// Jest Snapshot v1, https://goo.gl/fbAQLP

exports[`LayoutToolkit 默认状态 1`] = `
<div>
  <div>
    LayoutToolkit
  </div>
</div>
`;
