// Jest Snapshot v1, https://goo.gl/fbAQLP

exports[`Flexbox gap 1`] = `
<div>
  <div
    class="sc-bdvvtL nqSUR layoutkit-flexbox"
  >
    <div>
      1
    </div>
    <div>
      2
    </div>
  </div>
</div>
`;
